python : 
Au caractère Ligne:1 : 1
+ python -m mkdocs build --strict 2>&1 > build_output.txt ; Get-Content ...
+ ~~~~~~~~~~~~~~~~~~~~~~~~~~~~~~~~~~~~~~~~~~~~~~~~~~~~~~~
    + CategoryInfo          : NotSpecified: (:String) [], RemoteException
    + FullyQualifiedErrorId : NativeCommandError
 
 \u2502  \u26a0  Warning from the Material for MkDocs team
 \u2502
 \u2502  MkDocs 2.0, the underlying framework of Material for MkDocs,
 \u2502  will introduce backward-incompatible changes, including:
 \u2502
 \u2502  Î All plugins will stop working û the plugin system has been removed
 \u2502  Î All theme overrides will break û the theming system has been 
rewritten
 \u2502  Î No migration path exists û existing projects cannot be upgraded
 \u2502  Î Closed contribution model û community members can't report bugs
 \u2502  Î Currently unlicensed û unsuitable for production use
 \u2502
 \u2502  Our full analysis:
 \u2502
 \u2502  
https://squidfunk.github.io/mkdocs-material/blog/2026/02/18/mkdocs-2.0/

INFO    -  Cleaning site directory
INFO    -  Building documentation to directory: 
N:\workspace-dev\doc-utilisation-ia\site
INFO    -  Documentation built in 3.54 seconds
